stm32f4xx_it.c:62:6:NMI_Handler	0	static
stm32f4xx_it.c:75:6:HardFault_Handler	0	static
stm32f4xx_it.c:93:6:MemManage_Handler	0	static
stm32f4xx_it.c:111:6:BusFault_Handler	0	static
stm32f4xx_it.c:129:6:UsageFault_Handler	0	static
stm32f4xx_it.c:147:6:SVC_Handler	0	static
stm32f4xx_it.c:160:6:DebugMon_Handler	0	static
stm32f4xx_it.c:173:6:PendSV_Handler	0	static
stm32f4xx_it.c:186:6:SysTick_Handler	8	static
stm32f4xx_it.c:208:6:EXTI0_IRQHandler	8	static
stm32f4xx_it.c:239:6:EXTI1_IRQHandler	8	static
stm32f4xx_it.c:272:6:EXTI2_IRQHandler	8	static
stm32f4xx_it.c:291:6:EXTI3_IRQHandler	8	static
stm32f4xx_it.c:324:6:EXTI4_IRQHandler	8	static
stm32f4xx_it.c:357:6:EXTI9_5_IRQHandler	16	static
stm32f4xx_it.c:393:6:TIM1_UP_TIM10_IRQHandler	8	static
stm32f4xx_it.c:410:6:EXTI15_10_IRQHandler	8	static
