Archive member included to satisfy reference by file (symbol)

c:/program files (x86)/atollic/truestudio for stm32 9.2.0/armtools/bin/../lib/gcc/arm-atollic-eabi/6.3.1/../../../../arm-atollic-eabi/lib/armv7e-m/fpu\libc_nano.a(lib_a-init.o)
                              startup\startup_stm32f401xe.o (__libc_init_array)
c:/program files (x86)/atollic/truestudio for stm32 9.2.0/armtools/bin/../lib/gcc/arm-atollic-eabi/6.3.1/../../../../arm-atollic-eabi/lib/armv7e-m/fpu\libm.a(lib_a-w_atan2.o)
                              Src\main.o (atan2)
c:/program files (x86)/atollic/truestudio for stm32 9.2.0/armtools/bin/../lib/gcc/arm-atollic-eabi/6.3.1/../../../../arm-atollic-eabi/lib/armv7e-m/fpu\libm.a(lib_a-e_atan2.o)
                              c:/program files (x86)/atollic/truestudio for stm32 9.2.0/armtools/bin/../lib/gcc/arm-atollic-eabi/6.3.1/../../../../arm-atollic-eabi/lib/armv7e-m/fpu\libm.a(lib_a-w_atan2.o) (__ieee754_atan2)
c:/program files (x86)/atollic/truestudio for stm32 9.2.0/armtools/bin/../lib/gcc/arm-atollic-eabi/6.3.1/../../../../arm-atollic-eabi/lib/armv7e-m/fpu\libm.a(lib_a-s_atan.o)
                              c:/program files (x86)/atollic/truestudio for stm32 9.2.0/armtools/bin/../lib/gcc/arm-atollic-eabi/6.3.1/../../../../arm-atollic-eabi/lib/armv7e-m/fpu\libm.a(lib_a-e_atan2.o) (atan)
c:/program files (x86)/atollic/truestudio for stm32 9.2.0/armtools/bin/../lib/gcc/arm-atollic-eabi/6.3.1/../../../../arm-atollic-eabi/lib/armv7e-m/fpu\libm.a(lib_a-s_fabs.o)
                              c:/program files (x86)/atollic/truestudio for stm32 9.2.0/armtools/bin/../lib/gcc/arm-atollic-eabi/6.3.1/../../../../arm-atollic-eabi/lib/armv7e-m/fpu\libm.a(lib_a-e_atan2.o) (fabs)
c:/program files (x86)/atollic/truestudio for stm32 9.2.0/armtools/bin/../lib/gcc/arm-atollic-eabi/6.3.1/armv7e-m/fpu\libgcc.a(_arm_addsubdf3.o)
                              c:/program files (x86)/atollic/truestudio for stm32 9.2.0/armtools/bin/../lib/gcc/arm-atollic-eabi/6.3.1/../../../../arm-atollic-eabi/lib/armv7e-m/fpu\libm.a(lib_a-e_atan2.o) (__aeabi_dsub)
c:/program files (x86)/atollic/truestudio for stm32 9.2.0/armtools/bin/../lib/gcc/arm-atollic-eabi/6.3.1/armv7e-m/fpu\libgcc.a(_arm_muldivdf3.o)
                              Src\main.o (__aeabi_dmul)
c:/program files (x86)/atollic/truestudio for stm32 9.2.0/armtools/bin/../lib/gcc/arm-atollic-eabi/6.3.1/armv7e-m/fpu\libgcc.a(_arm_cmpdf2.o)
                              c:/program files (x86)/atollic/truestudio for stm32 9.2.0/armtools/bin/../lib/gcc/arm-atollic-eabi/6.3.1/../../../../arm-atollic-eabi/lib/armv7e-m/fpu\libm.a(lib_a-s_atan.o) (__aeabi_dcmpgt)
c:/program files (x86)/atollic/truestudio for stm32 9.2.0/armtools/bin/../lib/gcc/arm-atollic-eabi/6.3.1/armv7e-m/fpu\libgcc.a(_aeabi_uldivmod.o)
                              Drivers\STM32F4xx_HAL_Driver\Src\stm32f4xx_hal_rcc.o (__aeabi_uldivmod)
c:/program files (x86)/atollic/truestudio for stm32 9.2.0/armtools/bin/../lib/gcc/arm-atollic-eabi/6.3.1/armv7e-m/fpu\libgcc.a(_udivmoddi4.o)
                              c:/program files (x86)/atollic/truestudio for stm32 9.2.0/armtools/bin/../lib/gcc/arm-atollic-eabi/6.3.1/armv7e-m/fpu\libgcc.a(_aeabi_uldivmod.o) (__udivmoddi4)
c:/program files (x86)/atollic/truestudio for stm32 9.2.0/armtools/bin/../lib/gcc/arm-atollic-eabi/6.3.1/armv7e-m/fpu\libgcc.a(_dvmd_tls.o)
                              c:/program files (x86)/atollic/truestudio for stm32 9.2.0/armtools/bin/../lib/gcc/arm-atollic-eabi/6.3.1/armv7e-m/fpu\libgcc.a(_aeabi_uldivmod.o) (__aeabi_ldiv0)

Allocating common symbols
Common symbol       size              file

htim4               0x3c              Src\main.o
Mz                  0x4               Src\main.o
hi2c1               0x54              Src\main.o
uwTick              0x4               Drivers\STM32F4xx_HAL_Driver\Src\stm32f4xx_hal.o
temp                0x1               Src\main.o
pFlash              0x20              Drivers\STM32F4xx_HAL_Driver\Src\stm32f4xx_hal_flash.o
htim5               0x3c              Src\main.o
dist4               0x4               Src\main.o
htim3               0x3c              Src\main.o
My                  0x4               Src\main.o
MR_Data             0x6               Src\main.o
dist0               0x4               Src\main.o
htim1               0x3c              Src\main.o
dist1               0x4               Src\main.o
dir                 0x8               Src\main.o
count               0x4               Src\main.o
htim2               0x3c              Src\main.o
vari                0x4               Src\main.o
huart2              0x40              Src\main.o
fake_timer          0x4               Src\main.o
Mx                  0x4               Src\main.o

Discarded input sections

 .text          0x00000000        0x0 c:/program files (x86)/atollic/truestudio for stm32 9.2.0/armtools/bin/../lib/gcc/arm-atollic-eabi/6.3.1/armv7e-m/fpu/crti.o
[...]
Memory Configuration

Name             Origin             Length             Attributes
RAM              0x20000000         0x00018000         xrw
FLASH            0x08000000         0x00080000         xr
*default*        0x00000000         0xffffffff

Linker script and memory map

LOAD c:/program files (x86)/atollic/truestudio for stm32 9.2.0/armtools/bin/../lib/gcc/arm-atollic-eabi/6.3.1/armv7e-m/fpu/crti.o
LOAD c:/program files (x86)/atollic/truestudio for stm32 9.2.0/armtools/bin/../lib/gcc/arm-atollic-eabi/6.3.1/armv7e-m/fpu/crtbegin.o
LOAD Drivers\STM32F4xx_HAL_Driver\Src\stm32f4xx_hal.o
LOAD Drivers\STM32F4xx_HAL_Driver\Src\stm32f4xx_hal_cortex.o
LOAD Drivers\STM32F4xx_HAL_Driver\Src\stm32f4xx_hal_dma.o
LOAD Drivers\STM32F4xx_HAL_Driver\Src\stm32f4xx_hal_dma_ex.o
LOAD Drivers\STM32F4xx_HAL_Driver\Src\stm32f4xx_hal_flash.o
LOAD Drivers\STM32F4xx_HAL_Driver\Src\stm32f4xx_hal_flash_ex.o
LOAD Drivers\STM32F4xx_HAL_Driver\Src\stm32f4xx_hal_flash_ramfunc.o
LOAD Drivers\STM32F4xx_HAL_Driver\Src\stm32f4xx_hal_gpio.o
LOAD Drivers\STM32F4xx_HAL_Driver\Src\stm32f4xx_hal_i2c.o
LOAD Drivers\STM32F4xx_HAL_Driver\Src\stm32f4xx_hal_i2c_ex.o
LOAD Drivers\STM32F4xx_HAL_Driver\Src\stm32f4xx_hal_pwr.o
LOAD Drivers\STM32F4xx_HAL_Driver\Src\stm32f4xx_hal_pwr_ex.o
LOAD Drivers\STM32F4xx_HAL_Driver\Src\stm32f4xx_hal_rcc.o
LOAD Drivers\STM32F4xx_HAL_Driver\Src\stm32f4xx_hal_rcc_ex.o
LOAD Drivers\STM32F4xx_HAL_Driver\Src\stm32f4xx_hal_tim.o
LOAD Drivers\STM32F4xx_HAL_Driver\Src\stm32f4xx_hal_tim_ex.o
LOAD Drivers\STM32F4xx_HAL_Driver\Src\stm32f4xx_hal_uart.o
LOAD Src\main.o
LOAD Src\movement.o
LOAD Src\stm32f4xx_hal_msp.o
LOAD Src\stm32f4xx_it.o
LOAD Src\system_stm32f4xx.o
LOAD startup\startup_stm32f401xe.o
                0x00000080                malloc_getpagesize_P = 0x80
START GROUP
LOAD c:/program files (x86)/atollic/truestudio for stm32 9.2.0/armtools/bin/../lib/gcc/arm-atollic-eabi/6.3.1/../../../../arm-atollic-eabi/lib/armv7e-m/fpu\libc_nano.a
LOAD c:/program files (x86)/atollic/truestudio for stm32 9.2.0/armtools/bin/../lib/gcc/arm-atollic-eabi/6.3.1/../../../../arm-atollic-eabi/lib/armv7e-m/fpu\libm.a
END GROUP
START GROUP
LOAD c:/program files (x86)/atollic/truestudio for stm32 9.2.0/armtools/bin/../lib/gcc/arm-atollic-eabi/6.3.1/armv7e-m/fpu\libgcc.a
LOAD c:/program files (x86)/atollic/truestudio for stm32 9.2.0/armtools/bin/../lib/gcc/arm-atollic-eabi/6.3.1/../../../../arm-atollic-eabi/lib/armv7e-m/fpu\libc_nano.a
END GROUP
START GROUP
LOAD c:/program files (x86)/atollic/truestudio for stm32 9.2.0/armtools/bin/../lib/gcc/arm-atollic-eabi/6.3.1/armv7e-m/fpu\libgcc.a
LOAD c:/program files (x86)/atollic/truestudio for stm32 9.2.0/armtools/bin/../lib/gcc/arm-atollic-eabi/6.3.1/../../../../arm-atollic-eabi/lib/armv7e-m/fpu\libc_nano.a
LOAD c:/program files (x86)/atollic/truestudio for stm32 9.2.0/armtools/bin/../lib/gcc/arm-atollic-eabi/6.3.1/../../../../arm-atollic-eabi/lib/armv7e-m/fpu\libnosys.a
END GROUP
START GROUP
LOAD c:/program files (x86)/atollic/truestudio for stm32 9.2.0/armtools/bin/../lib/gcc/arm-atollic-eabi/6.3.1/armv7e-m/fpu\libgcc.a
LOAD c:/program files (x86)/atollic/truestudio for stm32 9.2.0/armtools/bin/../lib/gcc/arm-atollic-eabi/6.3.1/../../../../arm-atollic-eabi/lib/armv7e-m/fpu\libc_nano.a
LOAD c:/program files (x86)/atollic/truestudio for stm32 9.2.0/armtools/bin/../lib/gcc/arm-atollic-eabi/6.3.1/../../../../arm-atollic-eabi/lib/armv7e-m/fpu\libnosys.a
END GROUP
LOAD c:/program files (x86)/atollic/truestudio for stm32 9.2.0/armtools/bin/../lib/gcc/arm-atollic-eabi/6.3.1/armv7e-m/fpu/crtend.o
LOAD c:/program files (x86)/atollic/truestudio for stm32 9.2.0/armtools/bin/../lib/gcc/arm-atollic-eabi/6.3.1/armv7e-m/fpu/crtn.o
                0x20018000                _estack = 0x20018000
                0x00000200                _Min_Heap_Size = 0x200
                0x00000400                _Min_Stack_Size = 0x400

.isr_vector     0x08000000      0x194
                0x08000000                . = ALIGN (0x4)
 *(.isr_vector)
 .isr_vector    0x08000000      0x194 startup\startup_stm32f401xe.o
                0x08000000                g_pfnVectors
                0x08000194                . = ALIGN (0x4)

.text           0x08000194     0x2498
                0x08000194                . = ALIGN (0x4)
 *(.text)
 .text          0x08000194       0x40 c:/program files (x86)/atollic/truestudio for stm32 9.2.0/armtools/bin/../lib/gcc/arm-atollic-eabi/6.3.1/armv7e-m/fpu/crtbegin.o
 .text          0x080001d4       0x30 c:/program files (x86)/atollic/truestudio for stm32 9.2.0/armtools/bin/../lib/gcc/arm-atollic-eabi/6.3.1/armv7e-m/fpu\libgcc.a(_aeabi_uldivmod.o)
                0x080001d4                __aeabi_uldivmod
 .text          0x08000204      0x2dc c:/program files (x86)/atollic/truestudio for stm32 9.2.0/armtools/bin/../lib/gcc/arm-atollic-eabi/6.3.1/armv7e-m/fpu\libgcc.a(_udivmoddi4.o)
                0x08000204                __udivmoddi4
 .text          0x080004e0        0x4 c:/program files (x86)/atollic/truestudio for stm32 9.2.0/armtools/bin/../lib/gcc/arm-atollic-eabi/6.3.1/armv7e-m/fpu\libgcc.a(_dvmd_tls.o)
                0x080004e0                __aeabi_idiv0
                0x080004e0                __aeabi_ldiv0
 *(.text*)
 .text.HAL_InitTick
                0x080004e4       0x48 Drivers\STM32F4xx_HAL_Driver\Src\stm32f4xx_hal.o
                0x080004e4                HAL_InitTick
 .text.HAL_Init
                0x0800052c       0x34 Drivers\STM32F4xx_HAL_Driver\Src\stm32f4xx_hal.o
                0x0800052c                HAL_Init
 .text.HAL_IncTick
                0x08000560       0x18 Drivers\STM32F4xx_HAL_Driver\Src\stm32f4xx_hal.o
                0x08000560                HAL_IncTick
 .text.HAL_GetTick
                0x08000578        0xc Drivers\STM32F4xx_HAL_Driver\Src\stm32f4xx_hal.o
                0x08000578                HAL_GetTick
 .text.HAL_Delay
                0x08000584       0x28 Drivers\STM32F4xx_HAL_Driver\Src\stm32f4xx_hal.o
                0x08000584                HAL_Delay
 .text.HAL_NVIC_SetPriorityGrouping
                0x080005ac       0x24 Drivers\STM32F4xx_HAL_Driver\Src\stm32f4xx_hal_cortex.o
                0x080005ac                HAL_NVIC_SetPriorityGrouping
 .text.HAL_NVIC_SetPriority
                0x080005d0       0x68 Drivers\STM32F4xx_HAL_Driver\Src\stm32f4xx_hal_cortex.o
                0x080005d0                HAL_NVIC_SetPriority
 .text.HAL_NVIC_EnableIRQ
                0x08000638       0x18 Drivers\STM32F4xx_HAL_Driver\Src\stm32f4xx_hal_cortex.o
                0x08000638                HAL_NVIC_EnableIRQ
 .text.HAL_NVIC_DisableIRQ
                0x08000650       0x1c Drivers\STM32F4xx_HAL_Driver\Src\stm32f4xx_hal_cortex.o
                0x08000650                HAL_NVIC_DisableIRQ
 .text.HAL_SYSTICK_Config
                0x0800066c       0x2c Drivers\STM32F4xx_HAL_Driver\Src\stm32f4xx_hal_cortex.o
                0x0800066c                HAL_SYSTICK_Config
 .text.HAL_SYSTICK_CLKSourceConfig
                0x08000698       0x18 Drivers\STM32F4xx_HAL_Driver\Src\stm32f4xx_hal_cortex.o
                0x08000698                HAL_SYSTICK_CLKSourceConfig
 .text.HAL_SYSTICK_Callback
                0x080006b0        0x2 Drivers\STM32F4xx_HAL_Driver\Src\stm32f4xx_hal_cortex.o
                0x080006b0                HAL_SYSTICK_Callback
 .text.HAL_SYSTICK_IRQHandler
                0x080006b2        0x8 Drivers\STM32F4xx_HAL_Driver\Src\stm32f4xx_hal_cortex.o
                0x080006b2                HAL_SYSTICK_IRQHandler
 *fill*         0x080006ba        0x2 
 .text.HAL_GPIO_Init
                0x080006bc      0x1ac Drivers\STM32F4xx_HAL_Driver\Src\stm32f4xx_hal_gpio.o
                0x080006bc                HAL_GPIO_Init
 .text.HAL_GPIO_ReadPin
                0x08000868        0xc Drivers\STM32F4xx_HAL_Driver\Src\stm32f4xx_hal_gpio.o
                0x08000868                HAL_GPIO_ReadPin
 .text.HAL_GPIO_WritePin
                0x08000874        0xa Drivers\STM32F4xx_HAL_Driver\Src\stm32f4xx_hal_gpio.o
                0x08000874                HAL_GPIO_WritePin
 .text.HAL_GPIO_TogglePin
                0x0800087e        0x8 Drivers\STM32F4xx_HAL_Driver\Src\stm32f4xx_hal_gpio.o
                0x0800087e                HAL_GPIO_TogglePin
 .text.HAL_GPIO_EXTI_Callback
                0x08000886        0x2 Drivers\STM32F4xx_HAL_Driver\Src\stm32f4xx_hal_gpio.o
                0x08000886                HAL_GPIO_EXTI_Callback
 .text.HAL_GPIO_EXTI_IRQHandler
                0x08000888       0x18 Drivers\STM32F4xx_HAL_Driver\Src\stm32f4xx_hal_gpio.o
                0x08000888                HAL_GPIO_EXTI_IRQHandler
 .text.HAL_I2C_Init
                0x080008a0       0xdc Drivers\STM32F4xx_HAL_Driver\Src\stm32f4xx_hal_i2c.o
                0x080008a0                HAL_I2C_Init
 .text.HAL_RCC_OscConfig
                0x0800097c      0x304 Drivers\STM32F4xx_HAL_Driver\Src\stm32f4xx_hal_rcc.o
                0x0800097c                HAL_RCC_OscConfig
 .text.HAL_RCC_GetSysClockFreq
                0x08000c80       0x5c Drivers\STM32F4xx_HAL_Driver\Src\stm32f4xx_hal_rcc.o
                0x08000c80                HAL_RCC_GetSysClockFreq
 .text.HAL_RCC_ClockConfig
                0x08000cdc      0x134 Drivers\STM32F4xx_HAL_Driver\Src\stm32f4xx_hal_rcc.o
                0x08000cdc                HAL_RCC_ClockConfig
 .text.HAL_RCC_GetHCLKFreq
                0x08000e10        0xc Drivers\STM32F4xx_HAL_Driver\Src\stm32f4xx_hal_rcc.o
                0x08000e10                HAL_RCC_GetHCLKFreq
 .text.HAL_RCC_GetPCLK1Freq
                0x08000e1c       0x20 Drivers\STM32F4xx_HAL_Driver\Src\stm32f4xx_hal_rcc.o
                0x08000e1c                HAL_RCC_GetPCLK1Freq
 .text.HAL_RCC_GetPCLK2Freq
                0x08000e3c       0x20 Drivers\STM32F4xx_HAL_Driver\Src\stm32f4xx_hal_rcc.o
                0x08000e3c                HAL_RCC_GetPCLK2Freq
 .text.TIM_OC1_SetConfig
                0x08000e5c       0x50 Drivers\STM32F4xx_HAL_Driver\Src\stm32f4xx_hal_tim.o
 .text.TIM_OC3_SetConfig
                0x08000eac       0x54 Drivers\STM32F4xx_HAL_Driver\Src\stm32f4xx_hal_tim.o
 .text.TIM_OC4_SetConfig
                0x08000f00       0x44 Drivers\STM32F4xx_HAL_Driver\Src\stm32f4xx_hal_tim.o
 .text.HAL_TIM_Base_Start
                0x08000f44       0x1a Drivers\STM32F4xx_HAL_Driver\Src\stm32f4xx_hal_tim.o
                0x08000f44                HAL_TIM_Base_Start
 .text.HAL_TIM_Base_Stop
                0x08000f5e       0x2e Drivers\STM32F4xx_HAL_Driver\Src\stm32f4xx_hal_tim.o
                0x08000f5e                HAL_TIM_Base_Stop
 .text.HAL_TIM_PWM_MspInit
                0x08000f8c        0x2 Drivers\STM32F4xx_HAL_Driver\Src\stm32f4xx_hal_tim.o
                0x08000f8c                HAL_TIM_PWM_MspInit
 .text.HAL_TIM_ConfigClockSource
                0x08000f8e      0x172 Drivers\STM32F4xx_HAL_Driver\Src\stm32f4xx_hal_tim.o
                0x08000f8e                HAL_TIM_ConfigClockSource
 .text.HAL_TIM_PeriodElapsedCallback
                0x08001100        0x2 Drivers\STM32F4xx_HAL_Driver\Src\stm32f4xx_hal_tim.o
                0x08001100                HAL_TIM_PeriodElapsedCallback
 .text.HAL_TIM_OC_DelayElapsedCallback
                0x08001102        0x2 Drivers\STM32F4xx_HAL_Driver\Src\stm32f4xx_hal_tim.o
                0x08001102                HAL_TIM_OC_DelayElapsedCallback
 .text.HAL_TIM_IC_CaptureCallback
                0x08001104        0x2 Drivers\STM32F4xx_HAL_Driver\Src\stm32f4xx_hal_tim.o
                0x08001104                HAL_TIM_IC_CaptureCallback
 .text.HAL_TIM_PWM_PulseFinishedCallback
                0x08001106        0x2 Drivers\STM32F4xx_HAL_Driver\Src\stm32f4xx_hal_tim.o
                0x08001106                HAL_TIM_PWM_PulseFinishedCallback
 .text.HAL_TIM_TriggerCallback
                0x08001108        0x2 Drivers\STM32F4xx_HAL_Driver\Src\stm32f4xx_hal_tim.o
                0x08001108                HAL_TIM_TriggerCallback
 .text.HAL_TIM_IRQHandler
                0x0800110a      0x144 Drivers\STM32F4xx_HAL_Driver\Src\stm32f4xx_hal_tim.o
                0x0800110a                HAL_TIM_IRQHandler
 *fill*         0x0800124e        0x2 
 .text.TIM_Base_SetConfig
                0x08001250       0x98 Drivers\STM32F4xx_HAL_Driver\Src\stm32f4xx_hal_tim.o
                0x08001250                TIM_Base_SetConfig
 .text.HAL_TIM_Base_Init
                0x080012e8       0x34 Drivers\STM32F4xx_HAL_Driver\Src\stm32f4xx_hal_tim.o
                0x080012e8                HAL_TIM_Base_Init
 .text.HAL_TIM_PWM_Init
                0x0800131c       0x34 Drivers\STM32F4xx_HAL_Driver\Src\stm32f4xx_hal_tim.o
                0x0800131c                HAL_TIM_PWM_Init
 .text.TIM_OC2_SetConfig
                0x08001350       0x58 Drivers\STM32F4xx_HAL_Driver\Src\stm32f4xx_hal_tim.o
                0x08001350                TIM_OC2_SetConfig
 .text.HAL_TIM_PWM_ConfigChannel
                0x080013a8       0xc4 Drivers\STM32F4xx_HAL_Driver\Src\stm32f4xx_hal_tim.o
                0x080013a8                HAL_TIM_PWM_ConfigChannel
 .text.TIM_CCxChannelCmd
                0x0800146c       0x18 Drivers\STM32F4xx_HAL_Driver\Src\stm32f4xx_hal_tim.o
                0x0800146c                TIM_CCxChannelCmd
 .text.HAL_TIM_PWM_Start
                0x08001484       0x2c Drivers\STM32F4xx_HAL_Driver\Src\stm32f4xx_hal_tim.o
                0x08001484                HAL_TIM_PWM_Start
 .text.HAL_TIMEx_MasterConfigSynchronization
                0x080014b0       0x44 Drivers\STM32F4xx_HAL_Driver\Src\stm32f4xx_hal_tim_ex.o
                0x080014b0                HAL_TIMEx_MasterConfigSynchronization
 .text.HAL_TIMEx_CommutationCallback
                0x080014f4        0x2 Drivers\STM32F4xx_HAL_Driver\Src\stm32f4xx_hal_tim_ex.o
                0x080014f4                HAL_TIMEx_CommutationCallback
 .text.HAL_TIMEx_BreakCallback
                0x080014f6        0x2 Drivers\STM32F4xx_HAL_Driver\Src\stm32f4xx_hal_tim_ex.o
                0x080014f6                HAL_TIMEx_BreakCallback
 .text.UART_SetConfig
                0x080014f8      0x234 Drivers\STM32F4xx_HAL_Driver\Src\stm32f4xx_hal_uart.o
 .text.HAL_UART_Init
                0x0800172c       0x5c Drivers\STM32F4xx_HAL_Driver\Src\stm32f4xx_hal_uart.o
                0x0800172c                HAL_UART_Init
 .text.set_pwm_ch1
                0x08001788       0x30 Src\main.o
                0x08001788                set_pwm_ch1
 .text.set_pwm_ch2
                0x080017b8       0x34 Src\main.o
                0x080017b8                set_pwm_ch2
 .text.send_sonar_pulse
                0x080017ec       0x44 Src\main.o
                0x080017ec                send_sonar_pulse
 .text.send_sonar_pulse2
                0x08001830       0x48 Src\main.o
                0x08001830                send_sonar_pulse2
 .text.send_sonar_pulse3
                0x08001878       0x44 Src\main.o
                0x08001878                send_sonar_pulse3
 .text.SystemClock_Config
                0x080018bc       0xac Src\main.o
                0x080018bc                SystemClock_Config
 .text.startup.main
                0x08001968      0x4b8 Src\main.o
                0x08001968                main
 .text.start    0x08001e20       0x16 Src\movement.o
                0x08001e20                start
 *fill*         0x08001e36        0x2 
 .text.left     0x08001e38       0x38 Src\movement.o
                0x08001e38                left
 .text.right    0x08001e70       0x38 Src\movement.o
                0x08001e70                right
 .text.forward  0x08001ea8       0x28 Src\movement.o
                0x08001ea8                forward
 .text.stop     0x08001ed0       0x12 Src\movement.o
                0x08001ed0                stop
 *fill*         0x08001ee2        0x2 
 .text.fire     0x08001ee4       0x28 Src\movement.o
                0x08001ee4                fire
 .text.avoid    0x08001f0c       0xe4 Src\movement.o
                0x08001f0c                avoid
 .text.check_fire
                0x08001ff0       0x50 Src\movement.o
                0x08001ff0                check_fire
 .text.HAL_MspInit
                0x08002040       0x90 Src\stm32f4xx_hal_msp.o
                0x08002040                HAL_MspInit
 .text.HAL_I2C_MspInit
                0x080020d0       0x54 Src\stm32f4xx_hal_msp.o
                0x080020d0                HAL_I2C_MspInit
 .text.HAL_TIM_Base_MspInit
                0x08002124       0xbc Src\stm32f4xx_hal_msp.o
                0x08002124                HAL_TIM_Base_MspInit
 .text.HAL_TIM_MspPostInit
                0x080021e0       0x30 Src\stm32f4xx_hal_msp.o
                0x080021e0                HAL_TIM_MspPostInit
 .text.HAL_UART_MspInit
                0x08002210       0x4c Src\stm32f4xx_hal_msp.o
                0x08002210                HAL_UART_MspInit
 .text.NMI_Handler
                0x0800225c        0x2 Src\stm32f4xx_it.o
                0x0800225c                NMI_Handler
 .text.HardFault_Handler
                0x0800225e        0x2 Src\stm32f4xx_it.o
                0x0800225e                HardFault_Handler
 .text.MemManage_Handler
                0x08002260        0x2 Src\stm32f4xx_it.o
                0x08002260                MemManage_Handler
 .text.BusFault_Handler
                0x08002262        0x2 Src\stm32f4xx_it.o
                0x08002262                BusFault_Handler
 .text.UsageFault_Handler
                0x08002264        0x2 Src\stm32f4xx_it.o
                0x08002264                UsageFault_Handler
 .text.SVC_Handler
                0x08002266        0x2 Src\stm32f4xx_it.o
                0x08002266                SVC_Handler
 .text.DebugMon_Handler
                0x08002268        0x2 Src\stm32f4xx_it.o
                0x08002268                DebugMon_Handler
 .text.PendSV_Handler
                0x0800226a        0x2 Src\stm32f4xx_it.o
                0x0800226a                PendSV_Handler
 .text.SysTick_Handler
                0x0800226c        0xe Src\stm32f4xx_it.o
                0x0800226c                SysTick_Handler
 *fill*         0x0800227a        0x2 
 .text.EXTI0_IRQHandler
                0x0800227c       0x84 Src\stm32f4xx_it.o
                0x0800227c                EXTI0_IRQHandler
 .text.EXTI1_IRQHandler
                0x08002300       0x80 Src\stm32f4xx_it.o
                0x08002300                EXTI1_IRQHandler
 .text.EXTI2_IRQHandler
                0x08002380       0x18 Src\stm32f4xx_it.o
                0x08002380                EXTI2_IRQHandler
 .text.EXTI3_IRQHandler
                0x08002398       0x30 Src\stm32f4xx_it.o
                0x08002398                EXTI3_IRQHandler
 .text.EXTI4_IRQHandler
                0x080023c8       0x84 Src\stm32f4xx_it.o
                0x080023c8                EXTI4_IRQHandler
 .text.EXTI9_5_IRQHandler
                0x0800244c       0x60 Src\stm32f4xx_it.o
                0x0800244c                EXTI9_5_IRQHandler
 .text.TIM1_UP_TIM10_IRQHandler
                0x080024ac       0x24 Src\stm32f4xx_it.o
                0x080024ac                TIM1_UP_TIM10_IRQHandler
 .text.EXTI15_10_IRQHandler
                0x080024d0       0x5c Src\stm32f4xx_it.o
                0x080024d0                EXTI15_10_IRQHandler
 .text.SystemInit
                0x0800252c       0x4c Src\system_stm32f4xx.o
                0x0800252c                SystemInit
 .text.Reset_Handler
                0x08002578       0x50 startup\startup_stm32f401xe.o
                0x08002578                Reset_Handler
 .text.Default_Handler
                0x080025c8        0x2 startup\startup_stm32f401xe.o
                0x080025c8                RTC_Alarm_IRQHandler
                0x080025c8                SPI4_IRQHandler
                0x080025c8                TIM1_CC_IRQHandler
                0x080025c8                DMA2_Stream5_IRQHandler
                0x080025c8                DMA1_Stream5_IRQHandler
                0x080025c8                PVD_IRQHandler
                0x080025c8                SDIO_IRQHandler
                0x080025c8                TAMP_STAMP_IRQHandler
                0x080025c8                I2C3_ER_IRQHandler
                0x080025c8                I2C2_EV_IRQHandler
                0x080025c8                DMA1_Stream2_IRQHandler
                0x080025c8                FPU_IRQHandler
                0x080025c8                DMA2_Stream2_IRQHandler
                0x080025c8                SPI1_IRQHandler
                0x080025c8                TIM1_BRK_TIM9_IRQHandler
                0x080025c8                DMA2_Stream3_IRQHandler
                0x080025c8                USART6_IRQHandler
                0x080025c8                DMA2_Stream0_IRQHandler
                0x080025c8                TIM4_IRQHandler
                0x080025c8                I2C1_EV_IRQHandler
                0x080025c8                DMA1_Stream6_IRQHandler
                0x080025c8                DMA1_Stream1_IRQHandler
                0x080025c8                TIM3_IRQHandler
                0x080025c8                RCC_IRQHandler
                0x080025c8                Default_Handler
                0x080025c8                ADC_IRQHandler
                0x080025c8                DMA1_Stream7_IRQHandler
                0x080025c8                TIM5_IRQHandler
                0x080025c8                DMA2_Stream7_IRQHandler
                0x080025c8                I2C3_EV_IRQHandler
                0x080025c8                RTC_WKUP_IRQHandler
                0x080025c8                SPI2_IRQHandler
                0x080025c8                DMA1_Stream0_IRQHandler
                0x080025c8                WWDG_IRQHandler
                0x080025c8                TIM2_IRQHandler
                0x080025c8                OTG_FS_WKUP_IRQHandler
                0x080025c8                TIM1_TRG_COM_TIM11_IRQHandler
                0x080025c8                USART2_IRQHandler
                0x080025c8                I2C2_ER_IRQHandler
                0x080025c8                DMA2_Stream1_IRQHandler
                0x080025c8                FLASH_IRQHandler
                0x080025c8                DMA2_Stream4_IRQHandler
                0x080025c8                USART1_IRQHandler
                0x080025c8                OTG_FS_IRQHandler
                0x080025c8                SPI3_IRQHandler
                0x080025c8                DMA1_Stream4_IRQHandler
                0x080025c8                I2C1_ER_IRQHandler
                0x080025c8                DMA2_Stream6_IRQHandler
                0x080025c8                DMA1_Stream3_IRQHandler
 *fill*         0x080025ca        0x2 
 .text.__libc_init_array
                0x080025cc       0x48 c:/program files (x86)/atollic/truestudio for stm32 9.2.0/armtools/bin/../lib/gcc/arm-atollic-eabi/6.3.1/../../../../arm-atollic-eabi/lib/armv7e-m/fpu\libc_nano.a(lib_a-init.o)
                0x080025cc                __libc_init_array
 *(.glue_7)
 .glue_7        0x08002614        0x0 linker stubs
 *(.glue_7t)
 .glue_7t       0x08002614        0x0 linker stubs
 *(.eh_frame)
 .eh_frame      0x08002614        0x0 c:/program files (x86)/atollic/truestudio for stm32 9.2.0/armtools/bin/../lib/gcc/arm-atollic-eabi/6.3.1/armv7e-m/fpu/crtbegin.o
 *(.init)
 .init          0x08002614        0x4 c:/program files (x86)/atollic/truestudio for stm32 9.2.0/armtools/bin/../lib/gcc/arm-atollic-eabi/6.3.1/armv7e-m/fpu/crti.o
                0x08002614                _init
 .init          0x08002618        0x8 c:/program files (x86)/atollic/truestudio for stm32 9.2.0/armtools/bin/../lib/gcc/arm-atollic-eabi/6.3.1/armv7e-m/fpu/crtn.o
 *(.fini)
 .fini          0x08002620        0x4 c:/program files (x86)/atollic/truestudio for stm32 9.2.0/armtools/bin/../lib/gcc/arm-atollic-eabi/6.3.1/armv7e-m/fpu/crti.o
                0x08002620                _fini
 .fini          0x08002624        0x8 c:/program files (x86)/atollic/truestudio for stm32 9.2.0/armtools/bin/../lib/gcc/arm-atollic-eabi/6.3.1/armv7e-m/fpu/crtn.o
                0x0800262c                . = ALIGN (0x4)
                0x0800262c                _etext = .

.vfp11_veneer   0x0800262c        0x0
 .vfp11_veneer  0x0800262c        0x0 linker stubs

.v4_bx          0x0800262c        0x0
 .v4_bx         0x0800262c        0x0 linker stubs

.iplt           0x0800262c        0x0
 .iplt          0x0800262c        0x0 c:/program files (x86)/atollic/truestudio for stm32 9.2.0/armtools/bin/../lib/gcc/arm-atollic-eabi/6.3.1/armv7e-m/fpu/crtbegin.o

.rodata         0x0800262c       0x18
                0x0800262c                . = ALIGN (0x4)
 *(.rodata)
 *(.rodata*)
 .rodata.AHBPrescTable
                0x0800262c       0x10 Src\system_stm32f4xx.o
                0x0800262c                AHBPrescTable
 .rodata.APBPrescTable
                0x0800263c        0x8 Src\system_stm32f4xx.o
                0x0800263c                APBPrescTable
                0x08002644                . = ALIGN (0x4)

.ARM.extab
 *(.ARM.extab* .gnu.linkonce.armextab.*)

.ARM            0x08002644        0x8
                0x08002644                __exidx_start = .
 *(.ARM.exidx*)
 .ARM.exidx     0x08002644        0x8 c:/program files (x86)/atollic/truestudio for stm32 9.2.0/armtools/bin/../lib/gcc/arm-atollic-eabi/6.3.1/armv7e-m/fpu\libgcc.a(_udivmoddi4.o)
                0x0800264c                __exidx_end = .

.rel.dyn        0x0800264c        0x0
 .rel.iplt      0x0800264c        0x0 c:/program files (x86)/atollic/truestudio for stm32 9.2.0/armtools/bin/../lib/gcc/arm-atollic-eabi/6.3.1/armv7e-m/fpu/crtbegin.o

.preinit_array  0x0800264c        0x0
                0x0800264c                PROVIDE (__preinit_array_start, .)
 *(.preinit_array*)
                0x0800264c                PROVIDE (__preinit_array_end, .)

.init_array     0x0800264c        0x4
                0x0800264c                PROVIDE (__init_array_start, .)
 *(SORT(.init_array.*))
 *(.init_array*)
 .init_array    0x0800264c        0x4 c:/program files (x86)/atollic/truestudio for stm32 9.2.0/armtools/bin/../lib/gcc/arm-atollic-eabi/6.3.1/armv7e-m/fpu/crtbegin.o
                0x08002650                PROVIDE (__init_array_end, .)

.fini_array     0x08002650        0x4
                [!provide]                PROVIDE (__fini_array_start, .)
 *(SORT(.fini_array.*))
 *(.fini_array*)
 .fini_array    0x08002650        0x4 c:/program files (x86)/atollic/truestudio for stm32 9.2.0/armtools/bin/../lib/gcc/arm-atollic-eabi/6.3.1/armv7e-m/fpu/crtbegin.o
                [!provide]                PROVIDE (__fini_array_end, .)
                0x08002654                _sidata = LOADADDR (.data)

.data           0x20000000       0x10 load address 0x08002654
                0x20000000                . = ALIGN (0x4)
                0x20000000                _sdata = .
 *(.data)
 *(.data*)
 .data.uwTickFreq
                0x20000000        0x1 Drivers\STM32F4xx_HAL_Driver\Src\stm32f4xx_hal.o
                0x20000000                uwTickFreq
 *fill*         0x20000001        0x3 
 .data.uwTickPrio
                0x20000004        0x4 Drivers\STM32F4xx_HAL_Driver\Src\stm32f4xx_hal.o
                0x20000004                uwTickPrio
 .data.attac    0x20000008        0x1 Src\main.o
                0x20000008                attac
 .data.avoidance_on
                0x20000009        0x1 Src\main.o
                0x20000009                avoidance_on
 .data.reset    0x2000000a        0x1 Src\movement.o
                0x2000000a                reset
 *fill*         0x2000000b        0x1 
 .data.SystemCoreClock
                0x2000000c        0x4 Src\system_stm32f4xx.o
                0x2000000c                SystemCoreClock
                0x20000010                . = ALIGN (0x4)
                0x20000010                _edata = .

.igot.plt       0x20000010        0x0 load address 0x08002664
 .igot.plt      0x20000010        0x0 c:/program files (x86)/atollic/truestudio for stm32 9.2.0/armtools/bin/../lib/gcc/arm-atollic-eabi/6.3.1/armv7e-m/fpu/crtbegin.o
                0x20000010                . = ALIGN (0x4)

.bss            0x20000010      0x22c load address 0x08002664
                0x20000010                _sbss = .
                0x20000010                __bss_start__ = _sbss
 *(.bss)
 .bss           0x20000010       0x1c c:/program files (x86)/atollic/truestudio for stm32 9.2.0/armtools/bin/../lib/gcc/arm-atollic-eabi/6.3.1/armv7e-m/fpu/crtbegin.o
 *(.bss*)
 .bss.l         0x2000002c        0x4 Src\movement.o
                0x2000002c                l
 .bss.r         0x20000030        0x4 Src\movement.o
                0x20000030                r
 .bss.fire_var  0x20000034        0x1 Src\stm32f4xx_it.o
                0x20000034                fire_var
 .bss.turning   0x20000035        0x1 Src\stm32f4xx_it.o
                0x20000035                turning
 *(COMMON)
 *fill*         0x20000036        0x2 
 COMMON         0x20000038        0x4 Drivers\STM32F4xx_HAL_Driver\Src\stm32f4xx_hal.o
                0x20000038                uwTick
 *fill*         0x2000003c        0x4 
 COMMON         0x20000040      0x1fc Src\main.o
                0x20000040                htim4
                0x2000007c                Mz
                0x20000080                hi2c1
                0x200000d4                temp
                0x200000d8                htim5
                0x20000114                dist4
                0x20000118                htim3
                0x20000154                My
                0x20000158                MR_Data
                0x20000160                dist0
                0x20000164                htim1
                0x200001a0                dist1
                0x200001a8                dir
                0x200001b0                count
                0x200001b4                htim2
                0x200001f0                vari
                0x200001f4                huart2
                0x20000234                fake_timer
                0x20000238                Mx
                0x2000023c                . = ALIGN (0x4)
                0x2000023c                _ebss = .
                0x2000023c                __bss_end__ = _ebss

._user_heap_stack
                0x2000023c      0x600 load address 0x08002664
                0x2000023c                . = ALIGN (0x4)
                [!provide]                PROVIDE (end, .)
                [!provide]                PROVIDE (_end, .)
                0x2000043c                . = (. + _Min_Heap_Size)
 *fill*         0x2000023c      0x200 
                0x2000083c                . = (. + _Min_Stack_Size)
 *fill*         0x2000043c      0x400 
                0x2000083c                . = ALIGN (0x4)

/DISCARD/
 libc.a(*)
 libm.a(*)
 libgcc.a(*)

.ARM.attributes
                0x00000000       0x30
 *(.ARM.attributes)
 .ARM.attributes
                0x00000000       0x22 c:/program files (x86)/atollic/truestudio for stm32 9.2.0/armtools/bin/../lib/gcc/arm-atollic-eabi/6.3.1/armv7e-m/fpu/crti.o
 .ARM.attributes
                0x00000022       0x34 c:/program files (x86)/atollic/truestudio for stm32 9.2.0/armtools/bin/../lib/gcc/arm-atollic-eabi/6.3.1/armv7e-m/fpu/crtbegin.o
 .ARM.attributes
                0x00000056       0x39 Drivers\STM32F4xx_HAL_Driver\Src\stm32f4xx_hal.o
 .ARM.attributes
                0x0000008f       0x39 Drivers\STM32F4xx_HAL_Driver\Src\stm32f4xx_hal_cortex.o
 .ARM.attributes
                0x000000c8       0x39 Drivers\STM32F4xx_HAL_Driver\Src\stm32f4xx_hal_gpio.o
 .ARM.attributes
                0x00000101       0x39 Drivers\STM32F4xx_HAL_Driver\Src\stm32f4xx_hal_i2c.o
 .ARM.attributes
                0x0000013a       0x39 Drivers\STM32F4xx_HAL_Driver\Src\stm32f4xx_hal_rcc.o
 .ARM.attributes
                0x00000173       0x39 Drivers\STM32F4xx_HAL_Driver\Src\stm32f4xx_hal_tim.o
 .ARM.attributes
                0x000001ac       0x39 Drivers\STM32F4xx_HAL_Driver\Src\stm32f4xx_hal_tim_ex.o
 .ARM.attributes
                0x000001e5       0x39 Drivers\STM32F4xx_HAL_Driver\Src\stm32f4xx_hal_uart.o
 .ARM.attributes
                0x0000021e       0x39 Src\main.o
 .ARM.attributes
                0x00000257       0x39 Src\movement.o
 .ARM.attributes
                0x00000290       0x39 Src\stm32f4xx_hal_msp.o
 .ARM.attributes
                0x000002c9       0x39 Src\stm32f4xx_it.o
 .ARM.attributes
                0x00000302       0x39 Src\system_stm32f4xx.o
 .ARM.attributes
                0x0000033b       0x21 startup\startup_stm32f401xe.o
 .ARM.attributes
                0x0000035c       0x34 c:/program files (x86)/atollic/truestudio for stm32 9.2.0/armtools/bin/../lib/gcc/arm-atollic-eabi/6.3.1/../../../../arm-atollic-eabi/lib/armv7e-m/fpu\libc_nano.a(lib_a-init.o)
 .ARM.attributes
                0x00000390       0x22 c:/program files (x86)/atollic/truestudio for stm32 9.2.0/armtools/bin/../lib/gcc/arm-atollic-eabi/6.3.1/armv7e-m/fpu\libgcc.a(_aeabi_uldivmod.o)
 .ARM.attributes
                0x000003b2       0x34 c:/program files (x86)/atollic/truestudio for stm32 9.2.0/armtools/bin/../lib/gcc/arm-atollic-eabi/6.3.1/armv7e-m/fpu\libgcc.a(_udivmoddi4.o)
 .ARM.attributes
                0x000003e6       0x22 c:/program files (x86)/atollic/truestudio for stm32 9.2.0/armtools/bin/../lib/gcc/arm-atollic-eabi/6.3.1/armv7e-m/fpu\libgcc.a(_dvmd_tls.o)
 .ARM.attributes
                0x00000408       0x22 c:/program files (x86)/atollic/truestudio for stm32 9.2.0/armtools/bin/../lib/gcc/arm-atollic-eabi/6.3.1/armv7e-m/fpu/crtn.o
OUTPUT(ddd.elf elf32-littlearm)

.debug_info     0x00000000    0x17192
 .debug_info    0x00000000     0x117a Drivers\STM32F4xx_HAL_Driver\Src\stm32f4xx_hal.o
 .debug_info    0x0000117a     0x16ae Drivers\STM32F4xx_HAL_Driver\Src\stm32f4xx_hal_cortex.o
 .debug_info    0x00002828      0xfaf Drivers\STM32F4xx_HAL_Driver\Src\stm32f4xx_hal_gpio.o
 .debug_info    0x000037d7     0x3791 Drivers\STM32F4xx_HAL_Driver\Src\stm32f4xx_hal_i2c.o
 .debug_info    0x00006f68     0x1293 Drivers\STM32F4xx_HAL_Driver\Src\stm32f4xx_hal_rcc.o
 .debug_info    0x000081fb     0x3b9a Drivers\STM32F4xx_HAL_Driver\Src\stm32f4xx_hal_tim.o
 .debug_info    0x0000bd95     0x199d Drivers\STM32F4xx_HAL_Driver\Src\stm32f4xx_hal_tim_ex.o
 .debug_info    0x0000d732     0x1e9b Drivers\STM32F4xx_HAL_Driver\Src\stm32f4xx_hal_uart.o
 .debug_info    0x0000f5cd     0x2c16 Src\main.o
 .debug_info    0x000121e3     0x1102 Src\movement.o
 .debug_info    0x000132e5     0x1abb Src\stm32f4xx_hal_msp.o
 .debug_info    0x00014da0     0x1643 Src\stm32f4xx_it.o
 .debug_info    0x000163e3      0xd46 Src\system_stm32f4xx.o
 .debug_info    0x00017129       0x69 startup\startup_stm32f401xe.o

.debug_abbrev   0x00000000     0x2769
 .debug_abbrev  0x00000000      0x308 Drivers\STM32F4xx_HAL_Driver\Src\stm32f4xx_hal.o
 .debug_abbrev  0x00000308      0x399 Drivers\STM32F4xx_HAL_Driver\Src\stm32f4xx_hal_cortex.o
 .debug_abbrev  0x000006a1      0x268 Drivers\STM32F4xx_HAL_Driver\Src\stm32f4xx_hal_gpio.o
 .debug_abbrev  0x00000909      0x3b4 Drivers\STM32F4xx_HAL_Driver\Src\stm32f4xx_hal_i2c.o
 .debug_abbrev  0x00000cbd      0x353 Drivers\STM32F4xx_HAL_Driver\Src\stm32f4xx_hal_rcc.o
 .debug_abbrev  0x00001010      0x3ac Drivers\STM32F4xx_HAL_Driver\Src\stm32f4xx_hal_tim.o
 .debug_abbrev  0x000013bc      0x300 Drivers\STM32F4xx_HAL_Driver\Src\stm32f4xx_hal_tim_ex.o
 .debug_abbrev  0x000016bc      0x397 Drivers\STM32F4xx_HAL_Driver\Src\stm32f4xx_hal_uart.o
 .debug_abbrev  0x00001a53      0x389 Src\main.o
 .debug_abbrev  0x00001ddc      0x25f Src\movement.o
 .debug_abbrev  0x0000203b      0x28d Src\stm32f4xx_hal_msp.o
 .debug_abbrev  0x000022c8      0x2c5 Src\stm32f4xx_it.o
 .debug_abbrev  0x0000258d      0x1ca Src\system_stm32f4xx.o
 .debug_abbrev  0x00002757       0x12 startup\startup_stm32f401xe.o

.debug_loc      0x00000000     0x8782
 .debug_loc     0x00000000      0x11b Drivers\STM32F4xx_HAL_Driver\Src\stm32f4xx_hal.o
 .debug_loc     0x0000011b      0x4fb Drivers\STM32F4xx_HAL_Driver\Src\stm32f4xx_hal_cortex.o
 .debug_loc     0x00000616      0x381 Drivers\STM32F4xx_HAL_Driver\Src\stm32f4xx_hal_gpio.o
 .debug_loc     0x00000997     0x2bba Drivers\STM32F4xx_HAL_Driver\Src\stm32f4xx_hal_i2c.o
 .debug_loc     0x00003551      0x336 Drivers\STM32F4xx_HAL_Driver\Src\stm32f4xx_hal_rcc.o
 .debug_loc     0x00003887     0x2ff9 Drivers\STM32F4xx_HAL_Driver\Src\stm32f4xx_hal_tim.o
 .debug_loc     0x00006880      0x84a Drivers\STM32F4xx_HAL_Driver\Src\stm32f4xx_hal_tim_ex.o
 .debug_loc     0x000070ca     0x132c Drivers\STM32F4xx_HAL_Driver\Src\stm32f4xx_hal_uart.o
 .debug_loc     0x000083f6      0x14d Src\main.o
 .debug_loc     0x00008543       0xe7 Src\stm32f4xx_hal_msp.o
 .debug_loc     0x0000862a       0x3c Src\stm32f4xx_it.o
 .debug_loc     0x00008666      0x11c Src\system_stm32f4xx.o

.debug_aranges  0x00000000      0xab8
 .debug_aranges
                0x00000000       0xd8 Drivers\STM32F4xx_HAL_Driver\Src\stm32f4xx_hal.o
 .debug_aranges
                0x000000d8       0xa8 Drivers\STM32F4xx_HAL_Driver\Src\stm32f4xx_hal_cortex.o
 .debug_aranges
                0x00000180       0x58 Drivers\STM32F4xx_HAL_Driver\Src\stm32f4xx_hal_gpio.o
 .debug_aranges
                0x000001d8      0x190 Drivers\STM32F4xx_HAL_Driver\Src\stm32f4xx_hal_i2c.o
 .debug_aranges
                0x00000368       0x88 Drivers\STM32F4xx_HAL_Driver\Src\stm32f4xx_hal_rcc.o
 .debug_aranges
                0x000003f0      0x250 Drivers\STM32F4xx_HAL_Driver\Src\stm32f4xx_hal_tim.o
 .debug_aranges
                0x00000640       0xf0 Drivers\STM32F4xx_HAL_Driver\Src\stm32f4xx_hal_tim_ex.o
 .debug_aranges
                0x00000730      0x170 Drivers\STM32F4xx_HAL_Driver\Src\stm32f4xx_hal_uart.o
 .debug_aranges
                0x000008a0       0x78 Src\main.o
 .debug_aranges
                0x00000918       0x70 Src\movement.o
 .debug_aranges
                0x00000988       0x58 Src\stm32f4xx_hal_msp.o
 .debug_aranges
                0x000009e0       0x88 Src\stm32f4xx_it.o
 .debug_aranges
                0x00000a68       0x28 Src\system_stm32f4xx.o
 .debug_aranges
                0x00000a90       0x28 startup\startup_stm32f401xe.o

.debug_ranges   0x00000000      0xe78
 .debug_ranges  0x00000000       0xc8 Drivers\STM32F4xx_HAL_Driver\Src\stm32f4xx_hal.o
 .debug_ranges  0x000000c8      0x138 Drivers\STM32F4xx_HAL_Driver\Src\stm32f4xx_hal_cortex.o
 .debug_ranges  0x00000200       0x68 Drivers\STM32F4xx_HAL_Driver\Src\stm32f4xx_hal_gpio.o
 .debug_ranges  0x00000268      0x358 Drivers\STM32F4xx_HAL_Driver\Src\stm32f4xx_hal_i2c.o
 .debug_ranges  0x000005c0       0xb0 Drivers\STM32F4xx_HAL_Driver\Src\stm32f4xx_hal_rcc.o
 .debug_ranges  0x00000670      0x330 Drivers\STM32F4xx_HAL_Driver\Src\stm32f4xx_hal_tim.o
 .debug_ranges  0x000009a0       0xe0 Drivers\STM32F4xx_HAL_Driver\Src\stm32f4xx_hal_tim_ex.o
 .debug_ranges  0x00000a80      0x178 Drivers\STM32F4xx_HAL_Driver\Src\stm32f4xx_hal_uart.o
 .debug_ranges  0x00000bf8       0xf0 Src\main.o
 .debug_ranges  0x00000ce8       0x60 Src\movement.o
 .debug_ranges  0x00000d48       0x80 Src\stm32f4xx_hal_msp.o
 .debug_ranges  0x00000dc8       0x78 Src\stm32f4xx_it.o
 .debug_ranges  0x00000e40       0x18 Src\system_stm32f4xx.o
 .debug_ranges  0x00000e58       0x20 startup\startup_stm32f401xe.o

.debug_line     0x00000000     0x649f
 .debug_line    0x00000000      0x492 Drivers\STM32F4xx_HAL_Driver\Src\stm32f4xx_hal.o
 .debug_line    0x00000492      0x4dc Drivers\STM32F4xx_HAL_Driver\Src\stm32f4xx_hal_cortex.o
 .debug_line    0x0000096e      0x45e Drivers\STM32F4xx_HAL_Driver\Src\stm32f4xx_hal_gpio.o
 .debug_line    0x00000dcc     0x1887 Drivers\STM32F4xx_HAL_Driver\Src\stm32f4xx_hal_i2c.o
 .debug_line    0x00002653      0x58b Drivers\STM32F4xx_HAL_Driver\Src\stm32f4xx_hal_rcc.o
 .debug_line    0x00002bde     0x10b4 Drivers\STM32F4xx_HAL_Driver\Src\stm32f4xx_hal_tim.o
 .debug_line    0x00003c92      0x6cb Drivers\STM32F4xx_HAL_Driver\Src\stm32f4xx_hal_tim_ex.o
 .debug_line    0x0000435d      0xbef Drivers\STM32F4xx_HAL_Driver\Src\stm32f4xx_hal_uart.o
 .debug_line    0x00004f4c      0x61e Src\main.o
 .debug_line    0x0000556a      0x3fd Src\movement.o
 .debug_line    0x00005967      0x3ec Src\stm32f4xx_hal_msp.o
 .debug_line    0x00005d53      0x458 Src\stm32f4xx_it.o
 .debug_line    0x000061ab      0x275 Src\system_stm32f4xx.o
 .debug_line    0x00006420       0x7f startup\startup_stm32f401xe.o

.debug_str      0x00000000     0x41e5
 .debug_str     0x00000000      0xdaa Drivers\STM32F4xx_HAL_Driver\Src\stm32f4xx_hal.o
                                0xe5b (size before relaxing)
 .debug_str     0x00000daa      0x3ca Drivers\STM32F4xx_HAL_Driver\Src\stm32f4xx_hal_cortex.o
                                0xf20 (size before relaxing)
 .debug_str     0x00001174      0x1d8 Drivers\STM32F4xx_HAL_Driver\Src\stm32f4xx_hal_gpio.o
                                0x96a (size before relaxing)
 .debug_str     0x0000134c      0xca1 Drivers\STM32F4xx_HAL_Driver\Src\stm32f4xx_hal_i2c.o
                               0x13a3 (size before relaxing)
 .debug_str     0x00001fed      0x2c9 Drivers\STM32F4xx_HAL_Driver\Src\stm32f4xx_hal_rcc.o
                                0xb3d (size before relaxing)
 .debug_str     0x000022b6      0xeff Drivers\STM32F4xx_HAL_Driver\Src\stm32f4xx_hal_tim.o
                               0x181d (size before relaxing)
 .debug_str     0x000031b5      0x50d Drivers\STM32F4xx_HAL_Driver\Src\stm32f4xx_hal_tim_ex.o
                               0x10dd (size before relaxing)
 .debug_str     0x000036c2      0x6b9 Drivers\STM32F4xx_HAL_Driver\Src\stm32f4xx_hal_uart.o
                               0x105a (size before relaxing)
 .debug_str     0x00003d7b      0x267 Src\main.o
                               0x1a25 (size before relaxing)
 .debug_str     0x00003fe2       0x55 Src\movement.o
                                0xb2b (size before relaxing)
 .debug_str     0x00004037       0x25 Src\stm32f4xx_hal_msp.o
                               0x147c (size before relaxing)
 .debug_str     0x0000405c      0x144 Src\stm32f4xx_it.o
                               0x108e (size before relaxing)
 .debug_str     0x000041a0       0x45 Src\system_stm32f4xx.o
                                0x7ce (size before relaxing)

.comment        0x00000000       0x7c
 .comment       0x00000000       0x7c Drivers\STM32F4xx_HAL_Driver\Src\stm32f4xx_hal.o
                                 0x7d (size before relaxing)
 .comment       0x0000007c       0x7d Drivers\STM32F4xx_HAL_Driver\Src\stm32f4xx_hal_cortex.o
 .comment       0x0000007c       0x7d Drivers\STM32F4xx_HAL_Driver\Src\stm32f4xx_hal_gpio.o
 .comment       0x0000007c       0x7d Drivers\STM32F4xx_HAL_Driver\Src\stm32f4xx_hal_i2c.o
 .comment       0x0000007c       0x7d Drivers\STM32F4xx_HAL_Driver\Src\stm32f4xx_hal_rcc.o
 .comment       0x0000007c       0x7d Drivers\STM32F4xx_HAL_Driver\Src\stm32f4xx_hal_tim.o
 .comment       0x0000007c       0x7d Drivers\STM32F4xx_HAL_Driver\Src\stm32f4xx_hal_tim_ex.o
 .comment       0x0000007c       0x7d Drivers\STM32F4xx_HAL_Driver\Src\stm32f4xx_hal_uart.o
 .comment       0x0000007c       0x7d Src\main.o
 .comment       0x0000007c       0x7d Src\movement.o
 .comment       0x0000007c       0x7d Src\stm32f4xx_hal_msp.o
 .comment       0x0000007c       0x7d Src\stm32f4xx_it.o
 .comment       0x0000007c       0x7d Src\system_stm32f4xx.o

.debug_frame    0x00000000     0x21c0
 .debug_frame   0x00000000      0x1d0 Drivers\STM32F4xx_HAL_Driver\Src\stm32f4xx_hal.o
 .debug_frame   0x000001d0      0x158 Drivers\STM32F4xx_HAL_Driver\Src\stm32f4xx_hal_cortex.o
 .debug_frame   0x00000328       0xd8 Drivers\STM32F4xx_HAL_Driver\Src\stm32f4xx_hal_gpio.o
 .debug_frame   0x00000400      0x684 Drivers\STM32F4xx_HAL_Driver\Src\stm32f4xx_hal_i2c.o
 .debug_frame   0x00000a84      0x13c Drivers\STM32F4xx_HAL_Driver\Src\stm32f4xx_hal_rcc.o
 .debug_frame   0x00000bc0      0x854 Drivers\STM32F4xx_HAL_Driver\Src\stm32f4xx_hal_tim.o
 .debug_frame   0x00001414      0x330 Drivers\STM32F4xx_HAL_Driver\Src\stm32f4xx_hal_tim_ex.o
 .debug_frame   0x00001744      0x4a0 Drivers\STM32F4xx_HAL_Driver\Src\stm32f4xx_hal_uart.o
 .debug_frame   0x00001be4      0x160 Src\main.o
 .debug_frame   0x00001d44      0x15c Src\movement.o
 .debug_frame   0x00001ea0       0xc0 Src\stm32f4xx_hal_msp.o
 .debug_frame   0x00001f60      0x19c Src\stm32f4xx_it.o
 .debug_frame   0x000020fc       0x38 Src\system_stm32f4xx.o
 .debug_frame   0x00002134       0x2c c:/program files (x86)/atollic/truestudio for stm32 9.2.0/armtools/bin/../lib/gcc/arm-atollic-eabi/6.3.1/../../../../arm-atollic-eabi/lib/armv7e-m/fpu\libc_nano.a(lib_a-init.o)
 .debug_frame   0x00002160       0x2c c:/program files (x86)/atollic/truestudio for stm32 9.2.0/armtools/bin/../lib/gcc/arm-atollic-eabi/6.3.1/armv7e-m/fpu\libgcc.a(_aeabi_uldivmod.o)
 .debug_frame   0x0000218c       0x34 c:/program files (x86)/atollic/truestudio for stm32 9.2.0/armtools/bin/../lib/gcc/arm-atollic-eabi/6.3.1/armv7e-m/fpu\libgcc.a(_udivmoddi4.o)
